// Jest Snapshot v1, https://goo.gl/fbAQLP

exports[`ModalAlert test should match with snapshot 1`] = `
<div
  aria-hidden="true"
/>
`;
